/config/config.toml
/config/genesis.json
/config/story.toml
/config/node_key.json
/config/priv_validator_key.json
/data/priv_validator_state.json
/data/snapshots
